#seq	barcodeIdx	barcode	mismatch
CTGCTAACGCAA	14	CTGCTAACGCAA	0
AACACAAGGAGT	81	AACACAAGGAGT	0
GTCATATCGTAC	58	GTCATATCGTAC	0
AGCTGGAAGTCC	67	AGCTGGAAGTCC	0
AGCTGGAAGTCC	67	AGCTGGAAGTCC	0
CAGCTAGAACGC	65	CAGCTAGAACGC	0
CACGGTTGTGAG	68	CACGGTTGTGAG	0
GGAAACCACCAC	59	GGAAACCACCAC	0
TTAGGGCTCGTA	15	TTAGGGCTCGTA	0
AACACAAGGAGT	81	AACACAAGGAGT	0
CAGCGGTGACAT	70	CAGCGGTGACAT	0
AACACAAGGAGT	81	AACACAAGGAGT	0
TACTTCGCTCGC	83	TACTTCGCTCGC	0
AACACAAGGAGT	81	AACACAAGGAGT	0
TCTAGCGTAGTG	16	TCTAGCGTAGTG	0
GCACGACAACAC	47	GCACGACAACAC	0
TACAGATGGCTC	21	TACAGATGGCTC	0
GGAAACCACCAC	59	GGAAACCACCAC	0
ATTGGGCTAGGC	79	ATTGGGCTAGGC	0
TTCCTAGGTGAG	46	TTCCTAGGTGAG	0
TCCCAGAACAAC	66	TCCCAGAACAAC	0
AGCTGTTGTTTG	2	AGCTGTTGTTTG	0
ACACGTAAGCCT	43	ACACGTAAGCCT	0
ATCGATCTGTGG	48	ATCGATCTGTGG	0
ACGCCACGAATG	27	ACGCCACGAATG	0
ACGGGACATGCT	57	ACGGGACATGCT	0
AGGCATCTTACG	64	AGGCATCTTACG	0
TGAGCCGGAATC	50	TGAGCCGGAATC	0
GCGATATATCGC	4	GCGATATATCGC	0
CTGCTAACGCAA	14	CTGCTAACGCAA	0
TGAGCCGGAATC	50	TGAGCCGGAATC	0
ATCGGCGTTACA	71	ATCGGCGTTACA	0
GTCATATCGTAC	58	GTCATATCGTAC	0
CAGCTAGAACGC	65	CAGCTAGAACGC	0
CAGCGGTGACAT	70	CAGCGGTGACAT	0
CGAGAAGAGAAC	63	CGAGAAGAGAAC	0
ACTGACAGCCAT	62	ACTGACAGCCAT	0
GCACGACAACAC	47	GCACGACAACAC	0
ATCGATCTGTGG	48	ATCGATCTGTGG	0
AATGGAGCATGA	90	AATGGAGCATGA	0
ACCACATACATC	80	ACCACATACATC	0
CTTGTGTCGATA	49	CTTGTGTCGATA	0
TCCTCTGTCGAC	34	TCCTCTGTCGAC	0
AACACAAGGAGT	81	AACACAAGGAGT	0
TTCCTAGGTGAG	46	TTCCTAGGTGAG	0
ACTGACAGCCAT	62	ACTGACAGCCAT	0
TACTTCGCTCGC	83	TACTTCGCTCGC	0
AATGTCCGTGAC	82	AATGTCCGTGAC	0
CAGTGCATATGC	12	CAGTGCATATGC	0
ATTGGGCTAGGC	79	ATTGGGCTAGGC	0
CACGGTTGTGAG	68	CACGGTTGTGAG	0
ACAAGGAGGTGA	87	ACAAGGAGGTGA	0
GCACGACAACAC	47	GCACGACAACAC	0
TACTTCGCTCGC	83	TACTTCGCTCGC	0
ACCACATACATC	80	ACCACATACATC	0
CTGCTAACGCAA	14	CTGCTAACGCAA	0
TTGCGCATACTA	60	TTGCGCATACTA	0
AATGTCCGTGAC	82	AATGTCCGTGAC	0
TCCCAGAACAAC	66	TCCCAGAACAAC	0
ACGGGACATGCT	57	ACGGGACATGCT	0
GTCAATTGACCG	40	GTCAATTGACCG	0
AGCTGTTGTTTG	2	AGCTGTTGTTTG	0
CAGCTAGAACGC	65	CAGCTAGAACGC	0
CGAGAAGAGAAC	63	CGAGAAGAGAAC	0
CTATTTGCGACA	35	CTATTTGCGACA	0
AACACAAGGAGT	81	AACACAAGGAGT	0
GGAAACCACCAC	59	GGAAACCACCAC	0
AACACAAGGAGT	81	AACACAAGGAGT	0
AGTAGAGGGATG	36	AGTAGAGGGATG	0
GGATGGTGTTGC	3	GGATGGTGTTGC	0
GTCATATCGTAC	58	GTCATATCGTAC	0
AACACAAGGAGT	81	AACACAAGGAGT	0
CAGCTAGAACGC	65	CAGCTAGAACGC	0
TCGAGGACTGCA	17	TCGAGGACTGCA	0
GGAAACCACCAC	59	GGAAACCACCAC	0
GTCAATTGACCG	40	GTCAATTGACCG	0
GAAGTTGGAAGT	45	GAAGTTGGAAGT	0
GAACTAGTCACC	52	GAACTAGTCACC	0
ACGGGACATGCT	57	ACGGGACATGCT	0
AATGTCCGTGAC	82	AATGTCCGTGAC	0
CAGCGGTGACAT	70	CAGCGGTGACAT	0
GCGATATATCGC	4	GCGATATATCGC	0
GTCATATCGTAC	58	GTCATATCGTAC	0
CAGCGGTGACAT	70	CAGCGGTGACAT	0
